# Ensure build layout
# Check configuration tokens
# Preparing build
# Check requirements for android
# Search for Git (git)
#  -> found at /data/data/com.termux/files/usr/bin/git
# Search for Cython (cython)
#  -> found at /data/data/com.termux/files/usr/bin/cython
# Search for Java compiler (javac)
#  -> found at /data/data/com.termux/files/usr/lib/jvm/java-21-openjdk/bin/javac
# Search for Java keytool (keytool)
#  -> found at /data/data/com.termux/files/usr/lib/jvm/java-21-openjdk/bin/keytool
# Install platform
# Run 'git config --get remote.origin.url' ...
# Cwd /data/data/com.termux/files/home/tune/.buildozer/android/platform/python-for-android
https://github.com/kivy/python-for-android.git
# Run 'git branch -vv' ...
# Cwd /data/data/com.termux/files/home/tune/.buildozer/android/platform/python-for-android
* master 58d21141 [origin/master] Merge pull request #3321 from kivy/release-2026.05.09
# Run '/data/data/com.termux/files/usr/bin/python -m pip install -q --user appdirs colorama>=0.3.3 jinja2 sh>=2, <3.0; sys_platform!="win32" meson ninja build toml packaging setuptools wheel~=0.43.0' ...
# Cwd None
# Apache ANT found at /data/data/com.termux/files/home/.buildozer/android/platform/apache-ant-1.9.4
# Android SDK found at /data/data/com.termux/files/home/.buildozer/android/platform/android-sdk
# Recommended android's NDK version by p4a is: 28c
# Android NDK found at /data/data/com.termux/files/home/.buildozer/android/platform/android-ndk-r23b
# Run '/data/data/com.termux/files/usr/bin/python -m pythonforandroid.toolchain aab -h --color=always --storage-dir=/data/data/com.termux/files/home/tune/.buildozer/android/platform/build-arm64-v8a --ndk-api=24 --ignore-setup-py --debug --jobs=1' ...
# Cwd /data/data/com.termux/files/home/tune/.buildozer/android/platform/python-for-android
# Check application requirements
# Compile platform
# Run '/data/data/com.termux/files/usr/bin/python -m pythonforandroid.toolchain create --dist_name=tune --bootstrap=sdl2 --requirements=python3,kivy==2.3.1,mutagen,pyjnius,android --arch=arm64-v8a --copy-libs --color=always --storage-dir=/data/data/com.termux/files/home/tune/.buildozer/android/platform/build-arm64-v8a --ndk-api=24 --ignore-setup-py --debug --jobs=1' ...
# Cwd /data/data/com.termux/files/home/tune/.buildozer/android/platform/python-for-android
[WARNING]: prerequisites.py is experimental and does not support all prerequisites yet.
[WARNING]: Please report any issues to the python-for-android issue tracker.
[WARNING]: prerequisites.py is experimental and does not support all prerequisites yet.
[WARNING]: Please report any issues to the python-for-android issue tracker.
[1m[INFO][0m:    Recipe kivy: version "2.3.1" requested
[1m[INFO][0m:    Will compile for the following archs: arm64-v8a
[1m[INFO][0m:    Found Android API target in $ANDROIDAPI: 33
[1m[31m[ERROR][39m[0m:   Build failed: Could not find `android` or `sdkmanager` binaries in Android SDK
[1m[INFO][0m:    Instructions: Make sure the path to the Android SDK is correct
# Command failed: ('/data/data/com.termux/files/usr/bin/python', '-m', 'pythonforandroid.toolchain', 'create', '--dist_name=tune', '--bootstrap=sdl2', '--requirements=python3,kivy==2.3.1,mutagen,pyjnius,android', '--arch=arm64-v8a', '--copy-libs', '--color=always', '--storage-dir=/data/data/com.termux/files/home/tune/.buildozer/android/platform/build-arm64-v8a', '--ndk-api=24', '--ignore-setup-py', '--debug', '--jobs=1')
# Error code: 1
# ENVIRONMENT:
#     SHELL = '/data/data/com.termux/files/usr/bin/bash'
#     COLORTERM = 'truecolor'
#     HISTCONTROL = 'ignoreboth'
#     PREFIX = '/data/data/com.termux/files/usr'
#     JAVA_HOME = '/data/data/com.termux/files/usr/lib/jvm/java-21-openjdk/'
#     TERMUX_IS_DEBUGGABLE_BUILD = '0'
#     TERMUX_MAIN_PACKAGE_FORMAT = 'debian'
#     PWD = '/data/data/com.termux/files/home/tune'
#     TERMUX__HOME = '/data/data/com.termux/files/home'
#     TERMUX_VERSION = '0.118.3'
#     TERMUX_APP__SE_INFO = 'default:targetSdkVersion=28:complete'
#     TERMUX__ROOTFS_DIR = '/data/data/com.termux/files'
#     EXTERNAL_STORAGE = '/sdcard'
#     LD_PRELOAD = '/data/data/com.termux/files/usr/lib/libtermux-exec-ld-preload.so'
#     HOME = '/data/data/com.termux/files/home'
#     LANG = 'en_US.UTF-8'
#     TERMUX_APK_RELEASE = 'F_DROID'
#     DEX2OATBOOTCLASSPATH = '/apex/com.android.art/javalib/core-oj.jar:/apex/com.android.art/javalib/core-libart.jar:/apex/com.android.art/javalib/okhttp.jar:/apex/com.android.art/javalib/bouncycastle.jar:/apex/com.android.art/javalib/apache-xml.jar:/system/framework/framework.jar:/system/framework/framework-graphics.jar:/system/framework/framework-location.jar:/system/framework/ext.jar:/system/framework/telephony-common.jar:/system/framework/voip-common.jar:/system/framework/ims-common.jar:/system/framework/framework-ondeviceintelligence-platform.jar:/system/framework/framework-nfc.jar:/system/framework/tcmiface.jar:/system/framework/telephony-ext.jar:/system/framework/qcom.fmradio.jar:/system/framework/QPerformance.jar:/system/framework/UxPerformance.jar:/system/framework/WfdCommon.jar:/system/framework/vivo-framework.jar:/system/framework/vivo-media.jar:/system/framework/framework-adapter.jar:/system/framework/soc-framework.jar:/system/framework/vivo-camera-framework.jar:/system/framework/vivo-vgcclient.jar:/system/framework/vivo-coworkclient.jar:/apex/com.android.i18n/javalib/core-icu4j.jar'
#     TMPDIR = '/data/data/com.termux/files/usr/tmp'
#     ANDROID_DATA = '/data'
#     TERMUX__PREFIX = '/data/data/com.termux/files/usr'
#     TERMUX_APP__SE_FILE_CONTEXT = 'u:object_r:app_data_file:s0:c164,c257,c512,c768'
#     TERM = 'xterm-256color'
#     TERMUX_APP__LEGACY_DATA_DIR = '/data/data/com.termux'
#     ANDROID_I18N_ROOT = '/apex/com.android.i18n'
#     SHLVL = '1'
#     ANDROID__BUILD_VERSION_SDK = '36'
#     ANDROID_ROOT = '/system'
#     BOOTCLASSPATH = '/apex/com.android.art/javalib/core-oj.jar:/apex/com.android.art/javalib/core-libart.jar:/apex/com.android.art/javalib/okhttp.jar:/apex/com.android.art/javalib/bouncycastle.jar:/apex/com.android.art/javalib/apache-xml.jar:/system/framework/framework.jar:/system/framework/framework-graphics.jar:/system/framework/framework-location.jar:/system/framework/ext.jar:/system/framework/telephony-common.jar:/system/framework/voip-common.jar:/system/framework/ims-common.jar:/system/framework/framework-ondeviceintelligence-platform.jar:/system/framework/framework-nfc.jar:/system/framework/tcmiface.jar:/system/framework/telephony-ext.jar:/system/framework/qcom.fmradio.jar:/system/framework/QPerformance.jar:/system/framework/UxPerformance.jar:/system/framework/WfdCommon.jar:/system/framework/vivo-framework.jar:/system/framework/vivo-media.jar:/system/framework/framework-adapter.jar:/system/framework/soc-framework.jar:/system/framework/vivo-camera-framework.jar:/system/framework/vivo-vgcclient.jar:/system/framework/vivo-coworkclient.jar:/apex/com.android.i18n/javalib/core-icu4j.jar:/apex/com.android.adservices/javalib/framework-adservices.jar:/apex/com.android.adservices/javalib/framework-sdksandbox.jar:/apex/com.android.appsearch/javalib/framework-appsearch.jar:/apex/com.android.bt/javalib/framework-bluetooth.jar:/apex/com.android.configinfrastructure/javalib/framework-configinfrastructure.jar:/apex/com.android.conscrypt/javalib/conscrypt.jar:/apex/com.android.crashrecovery/javalib/framework-crashrecovery.jar:/apex/com.android.devicelock/javalib/framework-devicelock.jar:/apex/com.android.healthfitness/javalib/framework-healthfitness.jar:/apex/com.android.ipsec/javalib/android.net.ipsec.ike.jar:/apex/com.android.media/javalib/updatable-media.jar:/apex/com.android.mediaprovider/javalib/framework-mediaprovider.jar:/apex/com.android.mediaprovider/javalib/framework-pdf.jar:/apex/com.android.mediaprovider/javalib/framework-pdf-v.jar:/apex/com.android.mediaprovider/javalib/framework-photopicker.jar:/apex/com.android.ondevicepersonalization/javalib/framework-ondevicepersonalization.jar:/apex/com.android.os.statsd/javalib/framework-statsd.jar:/apex/com.android.permission/javalib/framework-permission.jar:/apex/com.android.permission/javalib/framework-permission-s.jar:/apex/com.android.profiling/javalib/framework-profiling.jar:/apex/com.android.scheduling/javalib/framework-scheduling.jar:/apex/com.android.sdkext/javalib/framework-sdkextensions.jar:/apex/com.android.tethering/javalib/framework-connectivity.jar:/apex/com.android.tethering/javalib/framework-connectivity-b.jar:/apex/com.android.tethering/javalib/framework-connectivity-t.jar:/apex/com.android.tethering/javalib/framework-tethering.jar:/apex/com.android.uwb/javalib/framework-ranging.jar:/apex/com.android.uwb/javalib/framework-uwb.jar:/apex/com.android.virt/javalib/framework-virtualization.jar:/apex/com.android.wifi/javalib/framework-wifi.jar'
#     ANDROID_TZDATA_ROOT = '/apex/com.android.tzdata'
#     TERMUX__SE_PROCESS_CONTEXT = 'u:r:untrusted_app_27:s0:c164,c257,c512,c768'
#     TERMUX_APP_PID = '28087'
#     PATH = '/data/data/com.termux/files/home/.buildozer/android/platform/apache-ant-1.9.4/bin:/data/data/com.termux/files/home/fake_bin:/data/data/com.termux/files/usr/bin:/system/bin'
#     TERMUX_APP__DATA_DIR = '/data/user/0/com.termux'
#     ANDROID_ART_ROOT = '/apex/com.android.art'
#     OLDPWD = '/data/data/com.termux/files/home/tune'
#     _ = '/data/data/com.termux/files/usr/bin/buildozer'
#     PACKAGES_PATH = '/data/data/com.termux/files/home/.buildozer/android/packages'
#     ANDROIDSDK = '/data/data/com.termux/files/home/.buildozer/android/platform/android-sdk'
#     ANDROIDNDK = '/data/data/com.termux/files/home/.buildozer/android/platform/android-ndk-r23b'
#     ANDROIDAPI = '33'
#     ANDROIDMINAPI = '24'
# 
# Buildozer failed to execute the last command
# The error might be hidden in the log above this error
# Please read the full log, and search for it before
# raising an issue with buildozer itself.
# In case of a bug report, please add a full log with log_level = 2
